2026-04-21 11:21:53 [INFO]: Mock customers created 
2026-04-21 11:21:53 [INFO]: Mock products created 
2026-04-21 16:29:28 [INFO]: Customers already exist, skipping mock data. 
2026-04-21 16:29:28 [INFO]: Products already exist, skipping mock data. 
2026-04-21 16:45:57 [INFO]: Default categories created 
2026-04-21 16:45:57 [INFO]: Customers already exist, skipping mock data. 
2026-04-21 16:45:57 [INFO]: Products already exist, skipping mock data. 
2026-04-21 16:46:58 [INFO]: Categories already exist, skipping creation 
2026-04-21 16:46:58 [INFO]: Customers already exist, skipping mock data. 
2026-04-21 16:46:58 [INFO]: Products already exist, skipping mock data. 
2026-04-21 17:52:49 [INFO]: Categories already exist, skipping creation 
2026-04-21 17:52:49 [INFO]: Customers already exist, skipping mock data. 
2026-04-21 17:52:49 [INFO]: Products already exist, skipping mock data. 
2026-04-21 17:56:12 [INFO]: Categories already exist, skipping creation 
2026-04-21 17:56:12 [INFO]: Customers already exist, skipping mock data. 
2026-04-21 17:56:12 [INFO]: Products already exist, skipping mock data. 
2026-04-21 17:57:42 [INFO]: Categories already exist, skipping creation 
2026-04-21 17:57:43 [INFO]: Customers already exist, skipping mock data. 
2026-04-21 17:57:43 [INFO]: Products already exist, skipping mock data. 
2026-04-21 17:57:43 [INFO]: Mock suppliers created 
2026-04-21 18:03:43 [INFO]: Categories already exist, skipping creation 
2026-04-21 18:03:43 [INFO]: Customers already exist, skipping mock data. 
2026-04-21 18:03:43 [INFO]: Products already exist, skipping mock data. 
2026-04-21 18:03:43 [INFO]: Suppliers already exist, skipping mock data. 
2026-04-21 18:03:59 [INFO]: Categories already exist, skipping creation 
2026-04-21 18:03:59 [INFO]: Customers already exist, skipping mock data. 
2026-04-21 18:03:59 [INFO]: Products already exist, skipping mock data. 
2026-04-21 18:03:59 [INFO]: Suppliers already exist, skipping mock data. 
2026-04-21 18:06:29 [INFO]: Categories already exist, skipping creation 
2026-04-21 18:06:29 [INFO]: Customers already exist, skipping mock data. 
2026-04-21 18:06:29 [INFO]: Products already exist, skipping mock data. 
2026-04-21 18:06:29 [INFO]: Suppliers already exist, skipping mock data. 
2026-04-21 18:06:54 [INFO]: Categories already exist, skipping creation 
2026-04-21 18:06:54 [INFO]: Customers already exist, skipping mock data. 
2026-04-21 18:06:54 [INFO]: Products already exist, skipping mock data. 
2026-04-21 18:06:54 [INFO]: Suppliers already exist, skipping mock data. 
2026-04-21 18:14:37 [INFO]: Categories already exist, skipping creation 
2026-04-21 18:14:37 [INFO]: Customers already exist, skipping mock data. 
2026-04-21 18:14:37 [INFO]: Products already exist, skipping mock data. 
2026-04-21 18:14:37 [INFO]: Suppliers already exist, skipping mock data. 
2026-04-21 18:18:03 [INFO]: Categories already exist, skipping creation 
2026-04-21 18:18:03 [INFO]: Customers already exist, skipping mock data. 
2026-04-21 18:18:03 [INFO]: Products already exist, skipping mock data. 
2026-04-21 18:18:03 [INFO]: Mock suppliers seeded 
2026-04-21 18:18:04 [INFO]: Default admin user created 
2026-04-21 18:18:53 [INFO]: Categories already exist, skipping creation 
2026-04-21 18:18:53 [INFO]: Customers already exist, skipping mock data. 
2026-04-21 18:18:53 [INFO]: Products already exist, skipping mock data. 
2026-04-21 18:18:54 [INFO]: Mock suppliers seeded 
2026-04-21 18:18:54 [INFO]: Admin user already exists, skipping creation 
2026-04-21 18:32:59 [INFO]: Categories already exist, skipping creation 
2026-04-21 18:32:59 [INFO]: Customers already exist, skipping mock data. 
2026-04-21 18:32:59 [INFO]: Products already exist, skipping mock data. 
2026-04-21 18:32:59 [INFO]: Mock suppliers seeded 
2026-04-21 18:32:59 [INFO]: Admin user already exists, skipping creation 
2026-04-22 19:11:12 [INFO]: Categories already exist, skipping creation 
2026-04-22 19:11:12 [INFO]: Customers already exist, skipping mock data. 
2026-04-22 19:11:12 [INFO]: Products already exist, skipping mock data. 
2026-04-22 19:11:12 [INFO]: Mock suppliers seeded 
2026-04-22 19:11:12 [ERROR]: Error creating mock delivery records Error
    at Query.run (/Users/chonenykhanthavivong/website-mek-shopping/node_modules/sequelize/src/dialects/mysql/query.js:46:25)
    at /Users/chonenykhanthavivong/website-mek-shopping/node_modules/sequelize/src/sequelize.js:650:28
    at processTicksAndRejections (node:internal/process/task_queues:105:5)
    at async MySQLQueryInterface.bulkInsert (/Users/chonenykhanthavivong/website-mek-shopping/node_modules/sequelize/src/dialects/abstract/query-interface.js:881:21)
    at async recursiveBulkCreate (/Users/chonenykhanthavivong/website-mek-shopping/node_modules/sequelize/src/model.js:2851:25)
    at async Function.bulkCreate (/Users/chonenykhanthavivong/website-mek-shopping/node_modules/sequelize/src/model.js:2977:12)
    at async createMockDiverily (/Users/chonenykhanthavivong/website-mek-shopping/src/utils/syncDatabase.ts:239:5)
    at async syncDatabase (/Users/chonenykhanthavivong/website-mek-shopping/src/utils/syncDatabase.ts:44:5)
2026-04-22 19:11:12 [INFO]: Admin user already exists, skipping creation 
2026-04-22 19:12:58 [INFO]: Categories already exist, skipping creation 
2026-04-22 19:12:58 [INFO]: Customers already exist, skipping mock data. 
2026-04-22 19:12:58 [INFO]: Products already exist, skipping mock data. 
2026-04-22 19:12:58 [INFO]: Mock suppliers seeded 
2026-04-22 19:12:58 [ERROR]: Error creating mock delivery records Error
    at Query.run (/Users/chonenykhanthavivong/website-mek-shopping/node_modules/sequelize/src/dialects/mysql/query.js:46:25)
    at /Users/chonenykhanthavivong/website-mek-shopping/node_modules/sequelize/src/sequelize.js:650:28
    at processTicksAndRejections (node:internal/process/task_queues:105:5)
    at async MySQLQueryInterface.bulkInsert (/Users/chonenykhanthavivong/website-mek-shopping/node_modules/sequelize/src/dialects/abstract/query-interface.js:881:21)
    at async recursiveBulkCreate (/Users/chonenykhanthavivong/website-mek-shopping/node_modules/sequelize/src/model.js:2851:25)
    at async Function.bulkCreate (/Users/chonenykhanthavivong/website-mek-shopping/node_modules/sequelize/src/model.js:2977:12)
    at async createMockDiverily (/Users/chonenykhanthavivong/website-mek-shopping/src/utils/syncDatabase.ts:239:5)
    at async syncDatabase (/Users/chonenykhanthavivong/website-mek-shopping/src/utils/syncDatabase.ts:44:5)
2026-04-22 19:12:58 [INFO]: Admin user already exists, skipping creation 
2026-04-22 19:15:09 [INFO]: Categories already exist, skipping creation 
2026-04-22 19:15:09 [INFO]: Customers already exist, skipping mock data. 
2026-04-22 19:15:09 [INFO]: Products already exist, skipping mock data. 
2026-04-22 19:15:09 [INFO]: Mock suppliers seeded 
2026-04-22 19:15:09 [INFO]: Admin user already exists, skipping creation 
2026-04-22 19:15:09 [INFO]: Mock delivery records created 
2026-06-02 11:09:56 [INFO]: Default categories created 
2026-06-02 11:09:56 [INFO]: Mock customers created 
2026-06-02 11:09:56 [INFO]: Mock products created 
2026-06-02 11:09:56 [INFO]: Mock suppliers seeded 
2026-06-02 11:09:56 [INFO]: Default admin user created 
2026-06-02 11:09:56 [INFO]: Mock delivery records created 
2026-06-02 11:20:35 [INFO]: Categories already exist, skipping creation 
2026-06-02 11:20:35 [INFO]: Customers already exist, skipping mock data. 
2026-06-02 11:20:35 [INFO]: Products already exist, skipping mock data. 
2026-06-02 11:20:35 [INFO]: Mock suppliers seeded 
2026-06-02 11:20:35 [INFO]: Admin user already exists, skipping creation 
2026-06-02 11:20:35 [INFO]: Delivery records already exist, skipping mock data. 
2026-06-02 11:20:56 [INFO]: Categories already exist, skipping creation 
2026-06-02 11:20:56 [INFO]: Customers already exist, skipping mock data. 
2026-06-02 11:20:56 [INFO]: Products already exist, skipping mock data. 
2026-06-02 11:20:56 [INFO]: Mock suppliers seeded 
2026-06-02 11:20:56 [INFO]: Admin user already exists, skipping creation 
2026-06-02 11:20:56 [INFO]: Delivery records already exist, skipping mock data. 
2026-06-02 17:59:56 [INFO]: Default categories created 
2026-06-02 17:59:56 [INFO]: Mock customers created 
2026-06-02 17:59:56 [INFO]: Mock products created 
2026-06-02 17:59:56 [INFO]: Mock suppliers seeded 
2026-06-02 17:59:56 [INFO]: Default admin user created 
2026-06-02 17:59:56 [INFO]: Mock delivery records created 
2026-06-02 18:00:15 [INFO]: Categories already exist, skipping creation 
2026-06-02 18:00:15 [INFO]: Customers already exist, skipping mock data. 
2026-06-02 18:00:15 [INFO]: Products already exist, skipping mock data. 
2026-06-02 18:00:15 [INFO]: Mock suppliers seeded 
2026-06-02 18:00:15 [INFO]: Admin user already exists, skipping creation 
2026-06-02 18:00:15 [INFO]: Delivery records already exist, skipping mock data. 
2026-06-04 21:24:19 [INFO]: Categories already exist, skipping creation 
2026-06-04 21:24:19 [INFO]: Customers already exist, skipping mock data. 
2026-06-04 21:24:19 [INFO]: Products already exist, skipping mock data. 
2026-06-04 21:24:19 [INFO]: Mock suppliers seeded 
2026-06-04 21:24:19 [INFO]: Admin user already exists, skipping creation 
2026-06-04 21:24:19 [INFO]: Delivery records already exist, skipping mock data. 
2026-06-04 21:25:16 [INFO]: Categories already exist, skipping creation 
2026-06-04 21:25:17 [INFO]: Customers already exist, skipping mock data. 
2026-06-04 21:25:17 [INFO]: Products already exist, skipping mock data. 
2026-06-04 21:25:17 [INFO]: Mock suppliers seeded 
2026-06-04 21:25:17 [INFO]: Admin user already exists, skipping creation 
2026-06-04 21:25:17 [INFO]: Delivery records already exist, skipping mock data. 
2026-06-04 21:45:24 [INFO]: Categories already exist, skipping creation 
2026-06-04 21:45:24 [INFO]: Customers already exist, skipping mock data. 
2026-06-04 21:45:24 [INFO]: Products already exist, skipping mock data. 
2026-06-04 21:45:24 [INFO]: Mock suppliers seeded 
2026-06-04 21:45:24 [INFO]: Admin user already exists, skipping creation 
2026-06-04 21:45:24 [INFO]: Delivery records already exist, skipping mock data. 
2026-06-05 10:07:20 [INFO]: Categories already exist, skipping creation 
2026-06-05 10:07:20 [INFO]: Customers already exist, skipping mock data. 
2026-06-05 10:07:20 [INFO]: Products already exist, skipping mock data. 
2026-06-05 10:07:20 [INFO]: Mock suppliers seeded 
2026-06-05 10:07:20 [INFO]: Admin user already exists, skipping creation 
2026-06-05 10:07:20 [INFO]: Delivery records already exist, skipping mock data. 
2026-06-08 19:07:41 [INFO]: Default categories created 
2026-06-08 19:07:41 [INFO]: Mock customers created 
2026-06-08 19:07:41 [INFO]: Mock products created 
2026-06-08 19:07:41 [INFO]: Mock suppliers seeded 
2026-06-08 19:07:41 [INFO]: Default admin user created 
2026-06-08 19:07:41 [INFO]: Mock delivery records created 
2026-06-08 19:09:29 [INFO]: Categories already exist, skipping creation 
2026-06-08 19:09:29 [INFO]: Customers already exist, skipping mock data. 
2026-06-08 19:09:29 [INFO]: Products already exist, skipping mock data. 
2026-06-08 19:09:29 [INFO]: Mock suppliers seeded 
2026-06-08 19:09:29 [INFO]: Admin user already exists, skipping creation 
2026-06-08 19:09:29 [INFO]: Delivery records already exist, skipping mock data. 
2026-06-08 19:11:08 [INFO]: Categories already exist, skipping creation 
2026-06-08 19:11:08 [INFO]: Customers already exist, skipping mock data. 
2026-06-08 19:11:08 [INFO]: Products already exist, skipping mock data. 
2026-06-08 19:11:08 [INFO]: Mock suppliers seeded 
2026-06-08 19:11:08 [INFO]: Admin user already exists, skipping creation 
2026-06-08 19:11:08 [INFO]: Delivery records already exist, skipping mock data. 
2026-06-09 09:34:57 [INFO]: Categories already exist, skipping creation 
2026-06-09 09:34:57 [INFO]: Customers already exist, skipping mock data. 
2026-06-09 09:34:57 [INFO]: Products already exist, skipping mock data. 
2026-06-09 09:34:57 [INFO]: Mock suppliers seeded 
2026-06-09 09:34:57 [INFO]: Admin user already exists, skipping creation 
2026-06-09 09:34:57 [INFO]: Delivery records already exist, skipping mock data. 
2026-06-09 09:39:23 [INFO]: Categories already exist, skipping creation 
2026-06-09 09:39:23 [INFO]: Customers already exist, skipping mock data. 
2026-06-09 09:39:23 [INFO]: Products already exist, skipping mock data. 
2026-06-09 09:39:23 [INFO]: Mock suppliers seeded 
2026-06-09 09:39:23 [INFO]: Admin user already exists, skipping creation 
2026-06-09 09:39:23 [INFO]: Delivery records already exist, skipping mock data. 
2026-06-09 09:44:33 [INFO]: Categories already exist, skipping creation 
2026-06-09 09:44:33 [INFO]: Customers already exist, skipping mock data. 
2026-06-09 09:44:33 [INFO]: Products already exist, skipping mock data. 
2026-06-09 09:44:33 [INFO]: Mock suppliers seeded 
2026-06-09 09:44:33 [INFO]: Admin user already exists, skipping creation 
2026-06-09 09:44:33 [INFO]: Delivery records already exist, skipping mock data. 
2026-06-09 09:47:57 [INFO]: Categories already exist, skipping creation 
2026-06-09 09:47:57 [INFO]: Customers already exist, skipping mock data. 
2026-06-09 09:47:57 [INFO]: Products already exist, skipping mock data. 
2026-06-09 09:47:57 [INFO]: Mock suppliers seeded 
2026-06-09 09:47:57 [INFO]: Admin user already exists, skipping creation 
2026-06-09 09:47:57 [INFO]: Delivery records already exist, skipping mock data. 
2026-06-09 09:51:35 [INFO]: Categories already exist, skipping creation 
2026-06-09 09:51:35 [INFO]: Customers already exist, skipping mock data. 
2026-06-09 09:51:35 [INFO]: Products already exist, skipping mock data. 
2026-06-09 09:51:35 [INFO]: Mock suppliers seeded 
2026-06-09 09:51:35 [INFO]: Admin user already exists, skipping creation 
2026-06-09 09:51:35 [INFO]: Delivery records already exist, skipping mock data. 
2026-07-18 12:22:36 [INFO]: Categories already exist, skipping creation 
2026-07-18 12:22:36 [INFO]: Customers already exist, skipping mock data. 
2026-07-18 12:22:36 [INFO]: Products already exist, skipping mock data. 
2026-07-18 12:22:36 [INFO]: Mock suppliers seeded 
2026-07-18 12:22:36 [INFO]: Admin user already exists, skipping creation 
2026-07-18 12:22:36 [INFO]: Delivery records already exist, skipping mock data. 
2026-07-18 13:07:05 [INFO]: Categories already exist, skipping creation 
2026-07-18 13:07:05 [INFO]: Customers already exist, skipping mock data. 
2026-07-18 13:07:05 [INFO]: Products already exist, skipping mock data. 
2026-07-18 13:07:05 [INFO]: Mock suppliers seeded 
2026-07-18 13:07:05 [INFO]: Admin user already exists, skipping creation 
2026-07-18 13:07:05 [INFO]: Delivery records already exist, skipping mock data. 
2026-07-18 13:21:48 [INFO]: Categories already exist, skipping creation 
2026-07-18 13:21:48 [INFO]: Customers already exist, skipping mock data. 
2026-07-18 13:21:48 [INFO]: Products already exist, skipping mock data. 
2026-07-18 13:21:48 [INFO]: Mock suppliers seeded 
2026-07-18 13:21:48 [INFO]: Admin user already exists, skipping creation 
2026-07-18 13:21:48 [INFO]: Delivery records already exist, skipping mock data. 
2026-07-18 13:49:45 [INFO]: Categories already exist, skipping creation 
2026-07-18 13:49:45 [INFO]: Customers already exist, skipping mock data. 
2026-07-18 13:49:45 [INFO]: Products already exist, skipping mock data. 
2026-07-18 13:49:45 [INFO]: Mock suppliers seeded 
2026-07-18 13:49:45 [INFO]: Admin user already exists, skipping creation 
2026-07-18 13:49:45 [INFO]: Delivery records already exist, skipping mock data. 
2026-08-03 23:28:44 [INFO]: Categories already exist, skipping creation 
2026-08-03 23:28:44 [INFO]: Customers already exist, skipping mock data. 
2026-08-03 23:28:44 [INFO]: Products already exist, skipping mock data. 
2026-08-03 23:28:44 [INFO]: Mock suppliers seeded 
2026-08-03 23:28:44 [INFO]: Admin user already exists, skipping creation 
2026-08-03 23:28:44 [INFO]: Delivery records already exist, skipping mock data. 
2026-08-04 12:27:14 [INFO]: Categories already exist, skipping creation 
2026-08-04 12:27:14 [INFO]: Customers already exist, skipping mock data. 
2026-08-04 12:27:14 [INFO]: Products already exist, skipping mock data. 
2026-08-04 12:27:14 [INFO]: Mock suppliers seeded 
2026-08-04 12:27:15 [INFO]: Admin user already exists, skipping creation 
2026-08-04 12:27:16 [INFO]: Delivery records already exist, skipping mock data. 
